{
  "start": {
    "date": "2016-03-07 11:20:50.000000",
    "timezone_type": 3,
    "timezone": "UTC"
  },
  "end": {
    "date": "2016-03-07 13:33:50.000000",
    "timezone_type": 3,
    "timezone": "UTC"
  }
}