{
  "hours": 20,
  "minutes": 30,
  "seconds": 15
}