{
  "dayOfWeek": 1,
  "openingIntervals": [
    {
      "start": {
        "hours": 9,
        "minutes": 0,
        "seconds": 0
      },
      "end": {
        "hours": 10,
        "minutes": 0,
        "seconds": 0
      }
    },
    {
      "start": {
        "hours": 12,
        "minutes": 0,
        "seconds": 0
      },
      "end": {
        "hours": 14,
        "minutes": 0,
        "seconds": 0
      }
    },
    {
      "start": {
        "hours": 14,
        "minutes": 30,
        "seconds": 0
      },
      "end": {
        "hours": 18,
        "minutes": 30,
        "seconds": 0
      }
    }
  ]
}